https://github.com/manthribharadwaj12/Gitam-CRT

user@DESKTOP-3P181KQ MINGW64 ~
$ ls
 Anaconda2/
 Anaconda3/
 AppData/
'Application Data'@
 Contacts/
 Cookies@
 Desktop/
 Documents/
 Downloads/
 Favorites/
 IntelGraphicsProfiles/
 Links/
'Local Settings'@
 Music/
'My Documents'@
 NetHood@
 NTUSER.DAT
 ntuser.dat.LOG1
 ntuser.dat.LOG2
 NTUSER.DAT{77a2c7ed-26f0-11e5-80da-e41d2d741090}.TM.blf
 NTUSER.DAT{77a2c7ed-26f0-11e5-80da-e41d2d741090}.TMContainer00000000000000000001.regtrans-ms
 NTUSER.DAT{77a2c7ed-26f0-11e5-80da-e41d2d741090}.TMContainer00000000000000000002.regtrans-ms
 ntuser.ini
 OneDrive/
 Pictures/
 PrintHood@
 Recent@
 Roaming/
'Saved Games'/
 Searches/
 SendTo@
'Start Menu'@
 Templates@
'Untitled Folder'/
 Untitled.ipynb
 Untitled1.ipynb
 Videos/

user@DESKTOP-3P181KQ MINGW64 ~
$ clear


user@DESKTOP-3P181KQ MINGW64 ~
$ cd Desktop/

user@DESKTOP-3P181KQ MINGW64 ~/Desktop
$ cd..
bash: cd..: command not found

user@DESKTOP-3P181KQ MINGW64 ~/Desktop
$ cd ..

user@DESKTOP-3P181KQ MINGW64 ~
$ pwd
/c/Users/user

user@DESKTOP-3P181KQ MINGW64 ~
$ cd Desktop/

user@DESKTOP-3P181KQ MINGW64 ~/Desktop
$ ls
 background/                                        p1/
 Capture.PNG                                        passport.pdf
'Correlation between success and motivation.pptx'   pdf-to-word.docx
 day13-12-19/                                       pro.txt
 day3/                                              program2.txt
 desktop.ini                                        program3.txt
 dfa.l                                              program4.txt
'Dictionary in csv'/                                program5.txt
'final projects with doc'/                         'project cb'/
 GRE_Practice_Test_1_Quant_18_point.pdf             raw.csv
 hi/                                                seminarppt.pptx
 hi222.txt                                          ticket1.pdf
 identify.c                                         ticket2.pdf
 IMG-20190524-WA0000.jpg                           'Untitled Folder'/
 lex.yy.c                                           untitled.pdf
'LP LAB Manual.doc'                                'Visual Studio Code.lnk'*
 M_S_S_Bharadwaj.docx.pdf                          'Word lists in csv'/

user@DESKTOP-3P181KQ MINGW64 ~/Desktop
$ mkdir crtbatch2

user@DESKTOP-3P181KQ MINGW64 ~/Desktop
$ ls
 background/                                        p1/
 Capture.PNG                                        passport.pdf
'Correlation between success and motivation.pptx'   pdf-to-word.docx
 crtbatch2/                                         pro.txt
 day13-12-19/                                       program2.txt
 day3/                                              program3.txt
 desktop.ini                                        program4.txt
 dfa.l                                              program5.txt
'Dictionary in csv'/                               'project cb'/
'final projects with doc'/                          raw.csv
 GRE_Practice_Test_1_Quant_18_point.pdf             seminarppt.pptx
 hi/                                                ticket1.pdf
 hi222.txt                                          ticket2.pdf
 identify.c                                        'Untitled Folder'/
 IMG-20190524-WA0000.jpg                            untitled.pdf
 lex.yy.c                                          'Visual Studio Code.lnk'*
'LP LAB Manual.doc'                                'Word lists in csv'/
 M_S_S_Bharadwaj.docx.pdf

user@DESKTOP-3P181KQ MINGW64 ~/Desktop
$ cd crtbatch2/

user@DESKTOP-3P181KQ MINGW64 ~/Desktop/crtbatch2
$ ls

user@DESKTOP-3P181KQ MINGW64 ~/Desktop/crtbatch2
$ touch data.txt

user@DESKTOP-3P181KQ MINGW64 ~/Desktop/crtbatch2
$ ls
data.txt

user@DESKTOP-3P181KQ MINGW64 ~/Desktop/crtbatch2
$ cat data.txt

user@DESKTOP-3P181KQ MINGW64 ~/Desktop/crtbatch2
$ clear


user@DESKTOP-3P181KQ MINGW64 ~/Desktop/crtbatch2
$ echo "Line 1" > data.txt

user@DESKTOP-3P181KQ MINGW64 ~/Desktop/crtbatch2
$ cat data.txt
Line 1

user@DESKTOP-3P181KQ MINGW64 ~/Desktop/crtbatch2
$ echo "Line 2" > data.txt

user@DESKTOP-3P181KQ MINGW64 ~/Desktop/crtbatch2
$ echo "Line 3" > data.txt

user@DESKTOP-3P181KQ MINGW64 ~/Desktop/crtbatch2
$ cat data.txt\
> hi
cat: data.txthi: No such file or directory

user@DESKTOP-3P181KQ MINGW64 ~/Desktop/crtbatch2
$ cat data.txt
Line 3

user@DESKTOP-3P181KQ MINGW64 ~/Desktop/crtbatch2
$ clear


user@DESKTOP-3P181KQ MINGW64 ~/Desktop/crtbatch2
$ cat data.txt
Line 3

user@DESKTOP-3P181KQ MINGW64 ~/Desktop/crtbatch2
$ echo "Line 3" > data.txt

user@DESKTOP-3P181KQ MINGW64 ~/Desktop/crtbatch2
$ cat data.txt
Line 3

user@DESKTOP-3P181KQ MINGW64 ~/Desktop/crtbatch2
$ echo "Line 2" >> data.txt

user@DESKTOP-3P181KQ MINGW64 ~/Desktop/crtbatch2
$ cat data.txt
Line 3
Line 2

user@DESKTOP-3P181KQ MINGW64 ~/Desktop/crtbatch2
$ echo "Line 2" >>> data.txt
bash: syntax error near unexpected token `>'

user@DESKTOP-3P181KQ MINGW64 ~/Desktop/crtbatch2
$ echo "Line 1" >> data.txt

user@DESKTOP-3P181KQ MINGW64 ~/Desktop/crtbatch2
$ cat data.txt
Line 3
Line 2
Line 1

user@DESKTOP-3P181KQ MINGW64 ~/Desktop/crtbatch2
$ clear


user@DESKTOP-3P181KQ MINGW64 ~/Desktop/crtbatch2
$ cd data.txt
bash: cd: data.txt: Not a directory

user@DESKTOP-3P181KQ MINGW64 ~/Desktop/crtbatch2
$ cat data.txt
Line 3
Line 2
Line 1

user@DESKTOP-3P181KQ MINGW64 ~/Desktop/crtbatch2
$ nano data.txt
Error in /usr/share/nano/git.nanorc on line 1: Regex strings must begin and end with a " character
" not understoodare/nano/git.nanorc on line 2: Command "
" not understoodare/nano/git.nanorc on line 10: Command "
" not understoodare/nano/git.nanorc on line 15: Command "
Error in /usr/share/nano/git.nanorc on line 19: Regex strings must begin and end with a " character
" not understoodare/nano/git.nanorc on line 20: Command "
" not understoodare/nano/git.nanorc on line 23: Command "
" not understoodare/nano/git.nanorc on line 26: Command "
" not understoodare/nano/git.nanorc on line 33: Command "
" not understoodare/nano/git.nanorc on line 36: Command "
" not understoodare/nano/git.nanorc on line 42: Command "
" not understoodare/nano/git.nanorc on line 44: Command "
" not understoodare/nano/git.nanorc on line 47: Command "
" not understoodare/nano/git.nanorc on line 50: Command "
" not understoodare/nano/git.nanorc on line 51: Command "
Error in /usr/share/nano/git.nanorc on line 53: Regex strings must begin and end with a " character
" not understoodare/nano/git.nanorc on line 54: Command "
" not understoodare/nano/git.nanorc on line 57: Command "
" not understoodare/nano/git.nanorc on line 60: Command "
" not understoodare/nano/git.nanorc on line 74: Command "
" not understoodare/nano/git.nanorc on line 77: Command "
" not understoodare/nano/git.nanorc on line 80: Command "

user@DESKTOP-3P181KQ MINGW64 ~/Desktop/crtbatch2
$ cat data.txt
Line 3
Line 2
Line 1
line 0
line -1

user@DESKTOP-3P181KQ MINGW64 ~/Desktop/crtbatch2
$ git --version
git version 2.24.1.windows.2

user@DESKTOP-3P181KQ MINGW64 ~/Desktop/crtbatch2
$ cd ..

user@DESKTOP-3P181KQ MINGW64 ~/Desktop
$ ls - a
ls: cannot access '-': No such file or directory
ls: cannot access 'a': No such file or directory

user@DESKTOP-3P181KQ MINGW64 ~/Desktop
$ ls -a
 ./                                                 day3/
          identify.c                 pro.txt           ticket1.pdf
 ../                                                desktop.ini
          IMG-20190524-WA0000.jpg    program2.txt      ticket2.pdf
 .ipynb_checkpoints/                                dfa.l
          lex.yy.c                   program3.txt     'Untitled Folder'/
 background/                                       'Dictionary in csv'/
         'LP LAB Manual.doc'         program4.txt      untitled.pdf
 Capture.PNG                                       'final projects with doc'/
          M_S_S_Bharadwaj.docx.pdf   program5.txt     'Visual Studio Code.lnk'*
'Correlation between success and motivation.pptx'   GRE_Practice_Test_1_Quant_18_point.pdf   p1/                       'project cb'/     'Word lists in csv'/
 crtbatch2/                                         hi/
          passport.pdf               raw.csv
 day13-12-19/                                       hi222.txt
          pdf-to-word.docx           seminarppt.pptx

user@DESKTOP-3P181KQ MINGW64 ~/Desktop
$ cd crtbatch2/

user@DESKTOP-3P181KQ MINGW64 ~/Desktop/crtbatch2
$ gedit hi.txt
bash: gedit: command not found

user@DESKTOP-3P181KQ MINGW64 ~/Desktop/crtbatch2
$ echo "hi"
hi

user@DESKTOP-3P181KQ MINGW64 ~/Desktop/crtbatch2
$ nano data.txt
Error in /usr/share/nano/git.nanorc on line 1: Regex strings must begin and end with a " character
" not understoodare/nano/git.nanorc on line 2: Command "
" not understoodare/nano/git.nanorc on line 10: Command "
" not understoodare/nano/git.nanorc on line 15: Command "
Error in /usr/share/nano/git.nanorc on line 19: Regex strings must begin and end with a " character
" not understoodare/nano/git.nanorc on line 20: Command "
" not understoodare/nano/git.nanorc on line 23: Command "
" not understoodare/nano/git.nanorc on line 26: Command "
" not understoodare/nano/git.nanorc on line 33: Command "
" not understoodare/nano/git.nanorc on line 36: Command "
" not understoodare/nano/git.nanorc on line 42: Command "
" not understoodare/nano/git.nanorc on line 44: Command "
" not understoodare/nano/git.nanorc on line 47: Command "
" not understoodare/nano/git.nanorc on line 50: Command "
" not understoodare/nano/git.nanorc on line 51: Command "
Error in /usr/share/nano/git.nanorc on line 53: Regex strings must begin and end with a " character
" not understoodare/nano/git.nanorc on line 54: Command "
" not understoodare/nano/git.nanorc on line 57: Command "
" not understoodare/nano/git.nanorc on line 60: Command "
" not understoodare/nano/git.nanorc on line 74: Command "
" not understoodare/nano/git.nanorc on line 77: Command "
" not understoodare/nano/git.nanorc on line 80: Command "

user@DESKTOP-3P181KQ MINGW64 ~/Desktop/crtbatch2
$ cat data.txt
Line 3
Line 2
Line 1
line 0
line -1
line -2
line -3

user@DESKTOP-3P181KQ MINGW64 ~/Desktop/crtbatch2
$ clear


user@DESKTOP-3P181KQ MINGW64 ~/Desktop/crtbatch2
$ clear


user@DESKTOP-3P181KQ MINGW64 ~/Desktop/crtbatch2
$ clear


user@DESKTOP-3P181KQ MINGW64 ~/Desktop/crtbatch2
$ git init
Initialized empty Git repository in C:/Users/user/Desktop/crtbatch2/.git/

user@DESKTOP-3P181KQ MINGW64 ~/Desktop/crtbatch2 (master)
$ ls -a
./  ../  .git/  data.txt

user@DESKTOP-3P181KQ MINGW64 ~/Desktop/crtbatch2 (master)
$ git status
On branch master

No commits yet

Untracked files:
  (use "git add <file>..." to include in what will be committed)
        data.txt

nothing added to commit but untracked files present (use "git add" to track)

user@DESKTOP-3P181KQ MINGW64 ~/Desktop/crtbatch2 (master)
$ clear


user@DESKTOP-3P181KQ MINGW64 ~/Desktop/crtbatch2 (master)
$ git add data.txt
warning: LF will be replaced by CRLF in data.txt.
The file will have its original line endings in your working directory

user@DESKTOP-3P181KQ MINGW64 ~/Desktop/crtbatch2 (master)
$ git status
On branch master

No commits yet

Changes to be committed:
  (use "git rm --cached <file>..." to unstage)
        new file:   data.txt


user@DESKTOP-3P181KQ MINGW64 ~/Desktop/crtbatch2 (master)
$ git commit -m "first commit"

*** Please tell me who you are.

Run

  git config --global user.email "you@example.com"
  git config --global user.name "Your Name"

to set your account's default identity.
Omit --global to set the identity only in this repository.

fatal: unable to auto-detect email address (got 'user@DESKTOP-3P181KQ.(none)')

user@DESKTOP-3P181KQ MINGW64 ~/Desktop/crtbatch2 (master)
$ git config --global user.email "manthribharadwaj12@gmail.com"

user@DESKTOP-3P181KQ MINGW64 ~/Desktop/crtbatch2 (master)
$ git config --global user.name "manthribharadwaj12"

user@DESKTOP-3P181KQ MINGW64 ~/Desktop/crtbatch2 (master)
$ git commit -m "first commit"
[master (root-commit) b6d3c51] first commit
 1 file changed, 7 insertions(+)
 create mode 100644 data.txt

user@DESKTOP-3P181KQ MINGW64 ~/Desktop/crtbatch2 (master)
$ git config --global user.name
manthribharadwaj12

user@DESKTOP-3P181KQ MINGW64 ~/Desktop/crtbatch2 (master)
$ git config --global user.email
manthribharadwaj12@gmail.com

user@DESKTOP-3P181KQ MINGW64 ~/Desktop/crtbatch2 (master)
$ git config user.email
manthribharadwaj12@gmail.com

user@DESKTOP-3P181KQ MINGW64 ~/Desktop/crtbatch2 (master)
$ git commit -m "first commit"
On branch master
nothing to commit, working tree clean

user@DESKTOP-3P181KQ MINGW64 ~/Desktop/crtbatch2 (master)
$ nano data.txt
Error in /usr/share/nano/git.nanorc on line 1: Regex strings must begin and end with a " character
" not understoodare/nano/git.nanorc on line 2: Command "
" not understoodare/nano/git.nanorc on line 10: Command "
" not understoodare/nano/git.nanorc on line 15: Command "
Error in /usr/share/nano/git.nanorc on line 19: Regex strings must begin and end with a " character
" not understoodare/nano/git.nanorc on line 20: Command "
" not understoodare/nano/git.nanorc on line 23: Command "
" not understoodare/nano/git.nanorc on line 26: Command "
" not understoodare/nano/git.nanorc on line 33: Command "
" not understoodare/nano/git.nanorc on line 36: Command "
" not understoodare/nano/git.nanorc on line 42: Command "
" not understoodare/nano/git.nanorc on line 44: Command "
" not understoodare/nano/git.nanorc on line 47: Command "
" not understoodare/nano/git.nanorc on line 50: Command "
" not understoodare/nano/git.nanorc on line 51: Command "
Error in /usr/share/nano/git.nanorc on line 53: Regex strings must begin and end with a " character
" not understoodare/nano/git.nanorc on line 54: Command "
" not understoodare/nano/git.nanorc on line 57: Command "
" not understoodare/nano/git.nanorc on line 60: Command "
" not understoodare/nano/git.nanorc on line 74: Command "
" not understoodare/nano/git.nanorc on line 77: Command "
" not understoodare/nano/git.nanorc on line 80: Command "

user@DESKTOP-3P181KQ MINGW64 ~/Desktop/crtbatch2 (master)
$ git status
On branch master
nothing to commit, working tree clean

user@DESKTOP-3P181KQ MINGW64 ~/Desktop/crtbatch2 (master)
$ nano data.txt
Error in /usr/share/nano/git.nanorc on line 1: Regex strings must begin and end with a " character
" not understoodare/nano/git.nanorc on line 2: Command "
" not understoodare/nano/git.nanorc on line 10: Command "
" not understoodare/nano/git.nanorc on line 15: Command "
Error in /usr/share/nano/git.nanorc on line 19: Regex strings must begin and end with a " character
" not understoodare/nano/git.nanorc on line 20: Command "
" not understoodare/nano/git.nanorc on line 23: Command "
" not understoodare/nano/git.nanorc on line 26: Command "
" not understoodare/nano/git.nanorc on line 33: Command "
" not understoodare/nano/git.nanorc on line 36: Command "
" not understoodare/nano/git.nanorc on line 42: Command "
" not understoodare/nano/git.nanorc on line 44: Command "
" not understoodare/nano/git.nanorc on line 47: Command "
" not understoodare/nano/git.nanorc on line 50: Command "
" not understoodare/nano/git.nanorc on line 51: Command "
Error in /usr/share/nano/git.nanorc on line 53: Regex strings must begin and end with a " character
" not understoodare/nano/git.nanorc on line 54: Command "
" not understoodare/nano/git.nanorc on line 57: Command "
" not understoodare/nano/git.nanorc on line 60: Command "
" not understoodare/nano/git.nanorc on line 74: Command "
" not understoodare/nano/git.nanorc on line 77: Command "
" not understoodare/nano/git.nanorc on line 80: Command "

user@DESKTOP-3P181KQ MINGW64 ~/Desktop/crtbatch2 (master)
$ git status
On branch master
Changes not staged for commit:
  (use "git add <file>..." to update what will be committed)
  (use "git restore <file>..." to discard changes in working directory)
        modified:   data.txt

no changes added to commit (use "git add" and/or "git commit -a")

user@DESKTOP-3P181KQ MINGW64 ~/Desktop/crtbatch2 (master)
$ git add data.txt
warning: LF will be replaced by CRLF in data.txt.
The file will have its original line endings in your working directory

user@DESKTOP-3P181KQ MINGW64 ~/Desktop/crtbatch2 (master)
$ git commit -m "second commit"
[master f56017a] second commit
 1 file changed, 1 insertion(+), 1 deletion(-)

user@DESKTOP-3P181KQ MINGW64 ~/Desktop/crtbatch2 (master)
$ git log
commit f56017a96054ffea7d981245d67376a6dfb9665e (HEAD -> master)
Author: manthribharadwaj12 <manthribharadwaj12@gmail.com>
Date:   Tue Dec 17 11:07:35 2019 +0530

    second commit

commit b6d3c51af9c0a0e749c402e3a7ad5f14c35e7351
Author: manthribharadwaj12 <manthribharadwaj12@gmail.com>
Date:   Tue Dec 17 10:58:45 2019 +0530

    first commit

user@DESKTOP-3P181KQ MINGW64 ~/Desktop/crtbatch2 (master)
$ git remote -help
usage: git remote [-v | --verbose]
   or: git remote add [-t <branch>] [-m <master>] [-f] [--tags | --no-tags] [--mirror=<fetch|push>] <name> <url>
   or: git remote rename <old> <new>
   or: git remote remove <name>
   or: git remote set-head <name> (-a | --auto | -d | --delete | <branch>)
   or: git remote [-v | --verbose] show [-n] <name>
   or: git remote prune [-n | --dry-run] <name>
   or: git remote [-v | --verbose] update [-p | --prune] [(<group> | <remote>)...]
   or: git remote set-branches [--add] <name> <branch>...
   or: git remote get-url [--push] [--all] <name>
   or: git remote set-url [--push] <name> <newurl> [<oldurl>]
   or: git remote set-url --add <name> <newurl>
   or: git remote set-url --delete <name> <url>

    -v, --verbose         be verbose; must be placed before a subcommand


user@DESKTOP-3P181KQ MINGW64 ~/Desktop/crtbatch2 (master)
$ clear

















user@DESKTOP-3P181KQ MINGW64 ~/Desktop/crtbatch2 (master)
$ mkdir Gitam-CRT

user@DESKTOP-3P181KQ MINGW64 ~/Desktop/crtbatch2 (master)
$ ls
data.txt  Gitam-CRT/

user@DESKTOP-3P181KQ MINGW64 ~/Desktop/crtbatch2 (master)
$ git remote add Gitam-CRT https://github.com/manthribharadwaj12/Gitam-CRT

user@DESKTOP-3P181KQ MINGW64 ~/Desktop/crtbatch2 (master)
$ git remote show
Gitam-CRT

user@DESKTOP-3P181KQ MINGW64 ~/Desktop/crtbatch2 (master)
$ git remote -v
Gitam-CRT       https://github.com/manthribharadwaj12/Gitam-CRT (fetch)
Gitam-CRT       https://github.com/manthribharadwaj12/Gitam-CRT (push)

user@DESKTOP-3P181KQ MINGW64 ~/Desktop/crtbatch2 (master)
$ git pull Gitam-CRT
fatal: unable to access 'https://github.com/manthribharadwaj12/Gitam-CRT/': Failed to connect to github.com port 443: Timed out

user@DESKTOP-3P181KQ MINGW64 ~/Desktop/crtbatch2 (master)
$ git pull Gitam-CRT
warning: no common commits
remote: Enumerating objects: 3, done.
remote: Counting objects: 100% (3/3), done.
remote: Total 3 (delta 0), reused 0 (delta 0), pack-reused 0
Unpacking objects: 100% (3/3), done.
From https://github.com/manthribharadwaj12/Gitam-CRT
 * [new branch]      master     -> Gitam-CRT/master
You asked to pull from the remote 'Gitam-CRT', but did not specify
a branch. Because this is not the default configured remote
for your current branch, you must specify a branch on the command line.

user@DESKTOP-3P181KQ MINGW64 ~/Desktop/crtbatch2 (master)
$ git push -f --set-upstream Gitam-CRT master
fatal: unable to access 'https://github.com/manthribharadwaj12/Gitam-CRT/': Could not resolve host: github.com

user@DESKTOP-3P181KQ MINGW64 ~/Desktop/crtbatch2 (master)
$ git push -f --set-upstream Gitam-CRT master
fatal: unable to access 'https://github.com/manthribharadwaj12/Gitam-CRT/': Could not resolve host: github.com

user@DESKTOP-3P181KQ MINGW64 ~/Desktop/crtbatch2 (master)
$ git push -f --set-upstream Gitam-CRT master
fatal: unable to access 'https://github.com/manthribharadwaj12/Gitam-CRT/': Could not resolve host: github.com

user@DESKTOP-3P181KQ MINGW64 ~/Desktop/crtbatch2 (master)
$ git push -u Gitam-CRT master
fatal: HttpRequestException encountered.
   An error occurred while sending the request.
To https://github.com/manthribharadwaj12/Gitam-CRT
 ! [rejected]        master -> master (non-fast-forward)
error: failed to push some refs to 'https://github.com/manthribharadwaj12/Gitam-CRT'
hint: Updates were rejected because the tip of your current branch is behind
hint: its remote counterpart. Integrate the remote changes (e.g.
hint: 'git pull ...') before pushing again.
hint: See the 'Note about fast-forwards' in 'git push --help' for details.

user@DESKTOP-3P181KQ MINGW64 ~/Desktop/crtbatch2 (master)
$ git push -f --set-upstream Gitam-CRT master
fatal: TaskCanceledException encountered.
   A task was canceled.
Enumerating objects: 6, done.
Counting objects: 100% (6/6), done.
Delta compression using up to 4 threads
Compressing objects: 100% (4/4), done.
Writing objects: 100% (6/6), 481 bytes | 68.00 KiB/s, done.
Total 6 (delta 0), reused 0 (delta 0)
To https://github.com/manthribharadwaj12/Gitam-CRT
 + 24cf7c7...f56017a master -> master (forced update)
Branch 'master' set up to track remote branch 'master' from 'Gitam-CRT'.

user@DESKTOP-3P181KQ MINGW64 ~/Desktop/crtbatch2 (master)
$